// Jest Snapshot v1, https://goo.gl/fbAQLP

exports[`PlayerStats component should render "No player stats available" message when playerStats is null 1`] = `
<p>
  No player stats available for the selected player.
</p>
`;
